DoorCurve.~c:378:13:ON_FLAG	16	static
DoorCurve.~c:383:13:RESET_FLAG	16	static
DoorCurve.~c:388:7:GET_A_CL	16	static
DoorCurve.~c:411:7:GET_A_OP	16	static
DoorCurve.~c:434:7:GET_A_SLOW_CL	16	static
DoorCurve.~c:457:7:GET_A_SLOW_OP	16	static
DoorCurve.~c:480:7:MAX_SLOW_SPD	16	static
DoorCurve.~c:497:13:NORMAL_MODE	32	static
DoorCurve.~c:567:13:AFTER_STOPPING_MODE	32	static
DoorCurve.~c:744:13:OPEN_CLOSE_MOVE	24	static
DoorCurve.~c:775:13:STOPPING_MOVE	24	static
DoorCurve.~c:864:13:INDENT_MOVE	24	static
DoorCurve.~c:944:13:GO_TO	24	static
DoorCurve.~c:951:13:ANOTHER_BLOCK_VKO_VKZ_COUNTER	16	static
DoorCurve.~c:989:13:ANOTHER_BLOCK_VKO_VKZ	16	static
DoorCurve.~c:1011:13:VKO_VKZ_CHECK	16	static
DoorCurve.~c:1126:13:RVM_CHECK	16	static
DoorCurve.~c:1175:13:STOP_CHECK	16	static
DoorCurve.~c:1206:13:BLOCK_CHECK	16	static
DoorCurve.~c:1289:13:FOTO_CHECK	16	static
DoorCurve.~c:1327:13:POS_GE_AND_SE_OR_Min_SPD	24	static
DoorCurve.~c:1345:13:POS_GE_AND_SE	24	static
DoorCurve.~c:1364:13:OPENING_CLOSING_ALGORITHM	24	static
DoorCurve.~c:1376:13:Timers	16	static
DoorCurve.~c:1475:13:TO_OPEN	16	static
DoorCurve.~c:1506:13:TO_CLOSE	16	static
DoorCurve.~c:1535:13:IMPULSE_COMMAND	16	static
DoorCurve.~c:1575:13:POSITIVE_COMMAND	16	static
DoorCurve.~c:1622:13:Mooving_Wait	16	static
DoorCurve.~c:1641:13:PV_Coordinates_Wait	16	static
DoorCurve.~c:1648:13:Mooving_Init	16	static
DoorCurve.~c:1804:13:PV_Coordinates_Init	16	static
DoorCurve.~c:1968:13:Mooving_Open	16	static
DoorCurve.~c:2081:13:PV_Coordinates_Open	16	static
DoorCurve.~c:2165:13:Mooving_Close	16	static
DoorCurve.~c:2275:13:PV_Coordinates_Close	16	static
DoorCurve.~c:2357:13:Mooving_Stop	16	static
DoorCurve.~c:2400:13:PV_Coordinates_Stop	24	static
DoorCurve.~c:2443:13:Mooving_RVM	16	static
DoorCurve.~c:2486:13:PV_Coordinates_RVM	24	static
DoorCurve.~c:2528:13:Mooving_BLOCK	16	static
DoorCurve.~c:2535:13:PV_Coordinates_BLOCK	16	static
DoorCurve.~c:2542:13:Mooving_ALARM	16	static
DoorCurve.~c:2586:13:PV_Coordinates_ALARM	24	static
DoorCurve.~c:2626:13:Mooving_FOTO	16	static
DoorCurve.~c:2658:13:PV_Coordinates_FOTO	24	static
DoorCurve.~c:2725:18:MBS_DoorCurve_Init	16	static
DoorCurve.~c:2730:18:MBS_DoorCurve_Exec	16	static
